../Core/Src/main.c:73:13:uart_send	16	static
../Core/Src/main.c:78:17:addr_to_sector	16	static
../Core/Src/main.c:101:26:flash_erase_app	56	static
../Core/Src/main.c:122:26:flash_write	40	static
../Core/Src/main.c:142:16:app_is_valid	16	static
../Core/Src/main.c:148:13:jump_to_app	24	static,ignoring_inline_asm
../Core/Src/main.c:177:13:receive_and_program	296	static
../Core/Src/main.c:223:5:main	24	static
../Core/Src/main.c:295:6:SystemClock_Config	88	static
../Core/Src/main.c:337:13:MX_USART1_UART_Init	8	static
../Core/Src/main.c:370:13:MX_USART2_UART_Init	8	static
../Core/Src/main.c:403:13:MX_GPIO_Init	32	static
../Core/Src/main.c:436:6:Error_Handler	4	static,ignoring_inline_asm
