../Core/Src/main.c:73:13:uart_send	1
../Core/Src/main.c:78:17:addr_to_sector	8
../Core/Src/main.c:101:26:flash_erase_app	1
../Core/Src/main.c:122:26:flash_write	3
../Core/Src/main.c:142:16:app_is_valid	3
../Core/Src/main.c:148:13:jump_to_app	1
../Core/Src/main.c:177:13:receive_and_program	9
../Core/Src/main.c:223:5:main	7
../Core/Src/main.c:295:6:SystemClock_Config	3
../Core/Src/main.c:337:13:MX_USART1_UART_Init	2
../Core/Src/main.c:370:13:MX_USART2_UART_Init	2
../Core/Src/main.c:403:13:MX_GPIO_Init	1
../Core/Src/main.c:436:6:Error_Handler	1
